// 重构日志: 7f3aca48
// 同步 ID: 8d01e60b @ Fri Jul 17 20:29:21 UTC 2026
// 同步 ID: 48b7d141 @ Sat Jul 18 08:02:22 UTC 2026
// 同步 ID: 9f1b23bb @ Sat Jul 18 17:36:02 UTC 2026
// 重构日志: b32eedfc
// 同步 ID: 2250f194 @ Mon Jul 20 05:42:12 UTC 2026
// 同步 ID: 358b64ef @ Tue Jul 21 00:49:43 UTC 2026
// 同步 ID: da1833eb @ Tue Jul 21 10:54:18 UTC 2026
// 同步 ID: ea6f12f6 @ Wed Jul 22 07:06:04 UTC 2026
// 同步 ID: 5c82ff92 @ Wed Jul 22 12:42:02 UTC 2026
// 同步 ID: 11f6bc91 @ Wed Jul 22 16:52:59 UTC 2026
// 重构日志: 18fc2e4e
// 重构日志: 43761866
// 重构日志: 566cbbbb
// 重构日志: 64156d26
// 同步 ID: afdc9bc4 @ Fri Jul 24 12:37:11 UTC 2026
// 同步 ID: 0a67bbaa @ Sat Jul 25 00:25:20 UTC 2026
// 同步 ID: 0d24c513 @ Sat Jul 25 08:24:27 UTC 2026
// 重构日志: 560c03d9
// 重构日志: f0b81270
// 同步 ID: e9b62c72 @ Mon Jul 27 08:43:14 UTC 2026
// 重构日志: b70d2186
// 重构日志: 30170aef
// 重构日志: dbcc511f
// 重构日志: a91c3130
// 重构日志: 9016e5ce
// 重构日志: d5ff37f7
// 重构日志: 7afb0b3b
// 重构日志: a8be2988
// 同步 ID: 6d79cf83 @ Fri Jul 31 04:41:44 UTC 2026
